INFO:     127.0.0.1:46100 - "POST /api/v1/auth/register HTTP/1.1" 500 Internal Server Error
ERROR:    Exception in ASGI application
Traceback (most recent call last):
  File "/home/anupadkh/code/webapps/venvs/curfd/lib/python3.12/site-packages/uvicorn/protocols/http/httptools_impl.py", line 401, in run_asgi
    result = await app(  # type: ignore[func-returns-value]
             ^^^^^^^^^^^^^^^^^^^^^^^^^^^^^^^^^^^^^^^^^^^^^^
  File "/home/anupadkh/code/webapps/venvs/curfd/lib/python3.12/site-packages/uvicorn/middleware/proxy_headers.py", line 70, in __call__
    return await self.app(scope, receive, send)
           ^^^^^^^^^^^^^^^^^^^^^^^^^^^^^^^^^^^^
  File "/home/anupadkh/code/webapps/venvs/curfd/lib/python3.12/site-packages/fastapi/applications.py", line 1054, in __call__
    await super().__call__(scope, receive, send)
  File "/home/anupadkh/code/webapps/venvs/curfd/lib/python3.12/site-packages/starlette/applications.py", line 112, in __call__
    await self.middleware_stack(scope, receive, send)
  File "/home/anupadkh/code/webapps/venvs/curfd/lib/python3.12/site-packages/starlette/middleware/errors.py", line 187, in __call__
    raise exc
  File "/home/anupadkh/code/webapps/venvs/curfd/lib/python3.12/site-packages/starlette/middleware/errors.py", line 165, in __call__
    await self.app(scope, receive, _send)
  File "/home/anupadkh/code/webapps/venvs/curfd/lib/python3.12/site-packages/starlette/middleware/cors.py", line 85, in __call__
    await self.app(scope, receive, send)
  File "/home/anupadkh/code/webapps/venvs/curfd/lib/python3.12/site-packages/starlette/middleware/exceptions.py", line 62, in __call__
    await wrap_app_handling_exceptions(self.app, conn)(scope, receive, send)
  File "/home/anupadkh/code/webapps/venvs/curfd/lib/python3.12/site-packages/starlette/_exception_handler.py", line 53, in wrapped_app
    raise exc
  File "/home/anupadkh/code/webapps/venvs/curfd/lib/python3.12/site-packages/starlette/_exception_handler.py", line 42, in wrapped_app
    await app(scope, receive, sender)
  File "/home/anupadkh/code/webapps/venvs/curfd/lib/python3.12/site-packages/starlette/routing.py", line 715, in __call__
    await self.middleware_stack(scope, receive, send)
  File "/home/anupadkh/code/webapps/venvs/curfd/lib/python3.12/site-packages/starlette/routing.py", line 735, in app
    await route.handle(scope, receive, send)
  File "/home/anupadkh/code/webapps/venvs/curfd/lib/python3.12/site-packages/starlette/routing.py", line 288, in handle
    await self.app(scope, receive, send)
  File "/home/anupadkh/code/webapps/venvs/curfd/lib/python3.12/site-packages/starlette/routing.py", line 76, in app
    await wrap_app_handling_exceptions(app, request)(scope, receive, send)
  File "/home/anupadkh/code/webapps/venvs/curfd/lib/python3.12/site-packages/starlette/_exception_handler.py", line 53, in wrapped_app
    raise exc
  File "/home/anupadkh/code/webapps/venvs/curfd/lib/python3.12/site-packages/starlette/_exception_handler.py", line 42, in wrapped_app
    await app(scope, receive, sender)
  File "/home/anupadkh/code/webapps/venvs/curfd/lib/python3.12/site-packages/starlette/routing.py", line 73, in app
    response = await f(request)
               ^^^^^^^^^^^^^^^^
  File "/home/anupadkh/code/webapps/venvs/curfd/lib/python3.12/site-packages/fastapi/routing.py", line 301, in app
    raw_response = await run_endpoint_function(
                   ^^^^^^^^^^^^^^^^^^^^^^^^^^^^
  File "/home/anupadkh/code/webapps/venvs/curfd/lib/python3.12/site-packages/fastapi/routing.py", line 214, in run_endpoint_function
    return await run_in_threadpool(dependant.call, **values)
           ^^^^^^^^^^^^^^^^^^^^^^^^^^^^^^^^^^^^^^^^^^^^^^^^^
  File "/home/anupadkh/code/webapps/venvs/curfd/lib/python3.12/site-packages/starlette/concurrency.py", line 37, in run_in_threadpool
    return await anyio.to_thread.run_sync(func)
           ^^^^^^^^^^^^^^^^^^^^^^^^^^^^^^^^^^^^
  File "/home/anupadkh/code/webapps/venvs/curfd/lib/python3.12/site-packages/anyio/to_thread.py", line 63, in run_sync
    return await get_async_backend().run_sync_in_worker_thread(
           ^^^^^^^^^^^^^^^^^^^^^^^^^^^^^^^^^^^^^^^^^^^^^^^^^^^^
  File "/home/anupadkh/code/webapps/venvs/curfd/lib/python3.12/site-packages/anyio/_backends/_asyncio.py", line 2502, in run_sync_in_worker_thread
    return await future
           ^^^^^^^^^^^^
  File "/home/anupadkh/code/webapps/venvs/curfd/lib/python3.12/site-packages/anyio/_backends/_asyncio.py", line 986, in run
    result = context.run(func, *args)
             ^^^^^^^^^^^^^^^^^^^^^^^^
  File "/home/anupadkh/code/webapps/curfd_ai_backend/app/api/routes/auth.py", line 30, in register_user
    hashed_password=hash_password(payload.password),
                    ^^^^^^^^^^^^^^^^^^^^^^^^^^^^^^^
  File "/home/anupadkh/code/webapps/curfd_ai_backend/app/core/security.py", line 7, in hash_password
    return pwd_context.hash(password)
           ^^^^^^^^^^^^^^^^^^^^^^^^^^
  File "/home/anupadkh/code/webapps/venvs/curfd/lib/python3.12/site-packages/passlib/context.py", line 2258, in hash
    return record.hash(secret, **kwds)
           ^^^^^^^^^^^^^^^^^^^^^^^^^^^
  File "/home/anupadkh/code/webapps/venvs/curfd/lib/python3.12/site-packages/passlib/utils/handlers.py", line 779, in hash
    self.checksum = self._calc_checksum(secret)
                    ^^^^^^^^^^^^^^^^^^^^^^^^^^^
  File "/home/anupadkh/code/webapps/venvs/curfd/lib/python3.12/site-packages/passlib/handlers/bcrypt.py", line 1226, in _calc_checksum
    return super(bcrypt_sha256, self)._calc_checksum(key)
           ^^^^^^^^^^^^^^^^^^^^^^^^^^^^^^^^^^^^^^^^^^^^^^
  File "/home/anupadkh/code/webapps/venvs/curfd/lib/python3.12/site-packages/passlib/handlers/bcrypt.py", line 591, in _calc_checksum
    self._stub_requires_backend()
  File "/home/anupadkh/code/webapps/venvs/curfd/lib/python3.12/site-packages/passlib/utils/handlers.py", line 2254, in _stub_requires_backend
    cls.set_backend()
  File "/home/anupadkh/code/webapps/venvs/curfd/lib/python3.12/site-packages/passlib/utils/handlers.py", line 2156, in set_backend
    return owner.set_backend(name, dryrun=dryrun)
           ^^^^^^^^^^^^^^^^^^^^^^^^^^^^^^^^^^^^^^
  File "/home/anupadkh/code/webapps/venvs/curfd/lib/python3.12/site-packages/passlib/utils/handlers.py", line 2163, in set_backend
    return cls.set_backend(name, dryrun=dryrun)
           ^^^^^^^^^^^^^^^^^^^^^^^^^^^^^^^^^^^^
  File "/home/anupadkh/code/webapps/venvs/curfd/lib/python3.12/site-packages/passlib/utils/handlers.py", line 2188, in set_backend
    cls._set_backend(name, dryrun)
  File "/home/anupadkh/code/webapps/venvs/curfd/lib/python3.12/site-packages/passlib/utils/handlers.py", line 2311, in _set_backend
    super(SubclassBackendMixin, cls)._set_backend(name, dryrun)
  File "/home/anupadkh/code/webapps/venvs/curfd/lib/python3.12/site-packages/passlib/utils/handlers.py", line 2224, in _set_backend
    ok = loader(**kwds)
         ^^^^^^^^^^^^^^
  File "/home/anupadkh/code/webapps/venvs/curfd/lib/python3.12/site-packages/passlib/handlers/bcrypt.py", line 626, in _load_backend_mixin
    return mixin_cls._finalize_backend_mixin(name, dryrun)
           ^^^^^^^^^^^^^^^^^^^^^^^^^^^^^^^^^^^^^^^^^^^^^^^
  File "/home/anupadkh/code/webapps/venvs/curfd/lib/python3.12/site-packages/passlib/handlers/bcrypt.py", line 421, in _finalize_backend_mixin
    if detect_wrap_bug(IDENT_2A):
       ^^^^^^^^^^^^^^^^^^^^^^^^^
  File "/home/anupadkh/code/webapps/venvs/curfd/lib/python3.12/site-packages/passlib/handlers/bcrypt.py", line 380, in detect_wrap_bug
    if verify(secret, bug_hash):
       ^^^^^^^^^^^^^^^^^^^^^^^^
  File "/home/anupadkh/code/webapps/venvs/curfd/lib/python3.12/site-packages/passlib/utils/handlers.py", line 792, in verify
    return consteq(self._calc_checksum(secret), chk)
                   ^^^^^^^^^^^^^^^^^^^^^^^^^^^
  File "/home/anupadkh/code/webapps/venvs/curfd/lib/python3.12/site-packages/passlib/handlers/bcrypt.py", line 655, in _calc_checksum
    hash = _bcrypt.hashpw(secret, config)
           ^^^^^^^^^^^^^^^^^^^^^^^^^^^^^^
ValueError: password cannot be longer than 72 bytes, truncate manually if necessary (e.g. my_password[:72])
